Warning: KiotaBuilder OpenAPI warning: #/ - A servers entry (v3) or host + basePath + schemes properties (v2) was not present in the OpenAPI description. The root URL will need to be set manually with the request adapter.
Warning: KiotaBuilder OpenAPI warning: #/paths/~1umbraco~1management~1api~1v1~1data-type/post/responses/201/headers/Location/schema - The format uri is not supported by Kiota and the string type will be used.
Warning: KiotaBuilder OpenAPI warning: #/paths/~1umbraco~1management~1api~1v1~1data-type~1{id}~1copy/post/responses/201/headers/Location/schema - The format uri is not supported by Kiota and the string type will be used.
Warning: KiotaBuilder OpenAPI warning: #/paths/~1umbraco~1management~1api~1v1~1data-type~1folder/post/responses/201/headers/Location/schema - The format uri is not supported by Kiota and the string type will be used.
Warning: KiotaBuilder OpenAPI warning: #/paths/~1umbraco~1management~1api~1v1~1dictionary/post/responses/201/headers/Location/schema - The format uri is not supported by Kiota and the string type will be used.
Warning: KiotaBuilder OpenAPI warning: #/paths/~1umbraco~1management~1api~1v1~1dictionary~1import/post/responses/201/headers/Location/schema - The format uri is not supported by Kiota and the string type will be used.
Warning: KiotaBuilder OpenAPI warning: #/paths/~1umbraco~1management~1api~1v1~1document-blueprint/post/responses/201/headers/Location/schema - The format uri is not supported by Kiota and the string type will be used.
Warning: KiotaBuilder OpenAPI warning: #/paths/~1umbraco~1management~1api~1v1~1document-blueprint~1folder/post/responses/201/headers/Location/schema - The format uri is not supported by Kiota and the string type will be used.
Warning: KiotaBuilder OpenAPI warning: #/paths/~1umbraco~1management~1api~1v1~1document-blueprint~1from-document/post/responses/201/headers/Location/schema - The format uri is not supported by Kiota and the string type will be used.
Warning: KiotaBuilder OpenAPI warning: #/paths/~1umbraco~1management~1api~1v1~1document-type/post/responses/201/headers/Location/schema - The format uri is not supported by Kiota and the string type will be used.
Warning: KiotaBuilder OpenAPI warning: #/paths/~1umbraco~1management~1api~1v1~1document-type~1{id}~1copy/post/responses/201/headers/Location/schema - The format uri is not supported by Kiota and the string type will be used.
Warning: KiotaBuilder OpenAPI warning: #/paths/~1umbraco~1management~1api~1v1~1document-type~1{id}~1template/post/responses/201/headers/Location/schema - The format uri is not supported by Kiota and the string type will be used.
Warning: KiotaBuilder OpenAPI warning: #/paths/~1umbraco~1management~1api~1v1~1document-type~1folder/post/responses/201/headers/Location/schema - The format uri is not supported by Kiota and the string type will be used.
Warning: KiotaBuilder OpenAPI warning: #/paths/~1umbraco~1management~1api~1v1~1document-type~1import/post/responses/201/headers/Location/schema - The format uri is not supported by Kiota and the string type will be used.
Warning: KiotaBuilder OpenAPI warning: #/paths/~1umbraco~1management~1api~1v1~1document/post/responses/201/headers/Location/schema - The format uri is not supported by Kiota and the string type will be used.
Warning: KiotaBuilder OpenAPI warning: #/paths/~1umbraco~1management~1api~1v1~1document~1{id}~1copy/post/responses/201/headers/Location/schema - The format uri is not supported by Kiota and the string type will be used.
Warning: KiotaBuilder OpenAPI warning: #/paths/~1umbraco~1management~1api~1v1~1document~1{id}~1public-access/post/responses/201/headers/Location/schema - The format uri is not supported by Kiota and the string type will be used.
Warning: KiotaBuilder OpenAPI warning: #/paths/~1umbraco~1management~1api~1v1~1language/post/responses/201/headers/Location/schema - The format uri is not supported by Kiota and the string type will be used.
Warning: KiotaBuilder OpenAPI warning: #/paths/~1umbraco~1management~1api~1v1~1log-viewer~1saved-search/post/responses/201/headers/Location/schema - The format uri is not supported by Kiota and the string type will be used.
Warning: KiotaBuilder OpenAPI warning: #/paths/~1umbraco~1management~1api~1v1~1media-type/post/responses/201/headers/Location/schema - The format uri is not supported by Kiota and the string type will be used.
Warning: KiotaBuilder OpenAPI warning: #/paths/~1umbraco~1management~1api~1v1~1media-type~1{id}~1copy/post/responses/201/headers/Location/schema - The format uri is not supported by Kiota and the string type will be used.
Warning: KiotaBuilder OpenAPI warning: #/paths/~1umbraco~1management~1api~1v1~1media-type~1folder/post/responses/201/headers/Location/schema - The format uri is not supported by Kiota and the string type will be used.
Warning: KiotaBuilder OpenAPI warning: #/paths/~1umbraco~1management~1api~1v1~1media-type~1import/post/responses/201/headers/Location/schema - The format uri is not supported by Kiota and the string type will be used.
Warning: KiotaBuilder OpenAPI warning: #/paths/~1umbraco~1management~1api~1v1~1media/post/responses/201/headers/Location/schema - The format uri is not supported by Kiota and the string type will be used.
Warning: KiotaBuilder OpenAPI warning: #/paths/~1umbraco~1management~1api~1v1~1member-group/post/responses/201/headers/Location/schema - The format uri is not supported by Kiota and the string type will be used.
Warning: KiotaBuilder OpenAPI warning: #/paths/~1umbraco~1management~1api~1v1~1member-type/post/responses/201/headers/Location/schema - The format uri is not supported by Kiota and the string type will be used.
Warning: KiotaBuilder OpenAPI warning: #/paths/~1umbraco~1management~1api~1v1~1member-type~1{id}~1copy/post/responses/201/headers/Location/schema - The format uri is not supported by Kiota and the string type will be used.
Warning: KiotaBuilder OpenAPI warning: #/paths/~1umbraco~1management~1api~1v1~1member-type~1folder/post/responses/201/headers/Location/schema - The format uri is not supported by Kiota and the string type will be used.
Warning: KiotaBuilder OpenAPI warning: #/paths/~1umbraco~1management~1api~1v1~1member-type~1import/post/responses/201/headers/Location/schema - The format uri is not supported by Kiota and the string type will be used.
Warning: KiotaBuilder OpenAPI warning: #/paths/~1umbraco~1management~1api~1v1~1member/post/responses/201/headers/Location/schema - The format uri is not supported by Kiota and the string type will be used.
Warning: KiotaBuilder OpenAPI warning: #/paths/~1umbraco~1management~1api~1v1~1oembed~1query/get/parameters/0/schema - The format uri is not supported by Kiota and the string type will be used.
Warning: KiotaBuilder OpenAPI warning: #/paths/~1umbraco~1management~1api~1v1~1package~1created/post/responses/201/headers/Location/schema - The format uri is not supported by Kiota and the string type will be used.
Warning: KiotaBuilder OpenAPI warning: #/paths/~1umbraco~1management~1api~1v1~1partial-view/post/responses/201/headers/Location/schema - The format uri is not supported by Kiota and the string type will be used.
Warning: KiotaBuilder OpenAPI warning: #/paths/~1umbraco~1management~1api~1v1~1partial-view~1{path}~1rename/put/responses/201/headers/Location/schema - The format uri is not supported by Kiota and the string type will be used.
Warning: KiotaBuilder OpenAPI warning: #/paths/~1umbraco~1management~1api~1v1~1partial-view~1folder/post/responses/201/headers/Location/schema - The format uri is not supported by Kiota and the string type will be used.
Warning: KiotaBuilder OpenAPI warning: #/paths/~1umbraco~1management~1api~1v1~1script/post/responses/201/headers/Location/schema - The format uri is not supported by Kiota and the string type will be used.
Warning: KiotaBuilder OpenAPI warning: #/paths/~1umbraco~1management~1api~1v1~1script~1{path}~1rename/put/responses/201/headers/Location/schema - The format uri is not supported by Kiota and the string type will be used.
Warning: KiotaBuilder OpenAPI warning: #/paths/~1umbraco~1management~1api~1v1~1script~1folder/post/responses/201/headers/Location/schema - The format uri is not supported by Kiota and the string type will be used.
Warning: KiotaBuilder OpenAPI warning: #/paths/~1umbraco~1management~1api~1v1~1stylesheet/post/responses/201/headers/Location/schema - The format uri is not supported by Kiota and the string type will be used.
Warning: KiotaBuilder OpenAPI warning: #/paths/~1umbraco~1management~1api~1v1~1stylesheet~1{path}~1rename/put/responses/201/headers/Location/schema - The format uri is not supported by Kiota and the string type will be used.
Warning: KiotaBuilder OpenAPI warning: #/paths/~1umbraco~1management~1api~1v1~1stylesheet~1folder/post/responses/201/headers/Location/schema - The format uri is not supported by Kiota and the string type will be used.
Warning: KiotaBuilder OpenAPI warning: #/paths/~1umbraco~1management~1api~1v1~1template/post/responses/201/headers/Location/schema - The format uri is not supported by Kiota and the string type will be used.
Warning: KiotaBuilder OpenAPI warning: #/paths/~1umbraco~1management~1api~1v1~1temporary-file/post/responses/201/headers/Location/schema - The format uri is not supported by Kiota and the string type will be used.
Warning: KiotaBuilder OpenAPI warning: #/paths/~1umbraco~1management~1api~1v1~1user-data/post/responses/201/headers/Location/schema - The format uri is not supported by Kiota and the string type will be used.
Warning: KiotaBuilder OpenAPI warning: #/paths/~1umbraco~1management~1api~1v1~1user-group/post/responses/201/headers/Location/schema - The format uri is not supported by Kiota and the string type will be used.
Warning: KiotaBuilder OpenAPI warning: #/paths/~1umbraco~1management~1api~1v1~1user/post/responses/201/headers/Location/schema - The format uri is not supported by Kiota and the string type will be used.
Warning: KiotaBuilder OpenAPI warning: #/paths/~1umbraco~1management~1api~1v1~1user~1invite/post/responses/201/headers/Location/schema - The format uri is not supported by Kiota and the string type will be used.
Warning: KiotaBuilder OpenAPI warning: #/paths/~1umbraco~1management~1api~1v1~1webhook/post/responses/201/headers/Location/schema - The format uri is not supported by Kiota and the string type will be used.
Warning: KiotaBuilder OpenAPI warning: #/components/schemas/UserInstallRequestModel/properties/email - The format email is not supported by Kiota and the string type will be used.
Warning: KiotaBuilder No server url found in the OpenAPI document. The base url will need to be set when using the client.
Warning: KiotaBuilder Could not create error type for 400 in PostUserData
Warning: KiotaBuilder Could not create error type for 404 in PostUserData
Warning: KiotaBuilder Could not create error type for 400 in PutUserData
Warning: KiotaBuilder Could not create error type for 404 in PutUserData
Warning: KiotaBuilder Could not create error type for 400 in DeleteUserDataById
Warning: KiotaBuilder Could not create error type for 404 in DeleteUserDataById
